[0.065s] Invoking command in '/home/bartek/Desktop/ROS2/tutorial_workspace/src/my_first_package/build/my_first_package': /usr/bin/cmake /home/bartek/Desktop/ROS2/tutorial_workspace/src/my_first_package -DCMAKE_INSTALL_PREFIX=/home/bartek/Desktop/ROS2/tutorial_workspace/src/my_first_package/install/my_first_package
[0.073s] -- Found ament_cmake: 2.5.2 (/opt/ros/jazzy/share/ament_cmake/cmake)
[0.203s] -- Found rclcpp: 28.1.5 (/opt/ros/jazzy/share/rclcpp/cmake)
[0.203s] -- Found rosidl_generator_c: 4.6.4 (/opt/ros/jazzy/share/rosidl_generator_c/cmake)
[0.203s] -- Found rosidl_generator_cpp: 4.6.4 (/opt/ros/jazzy/share/rosidl_generator_cpp/cmake)
[0.203s] -- Using all available rosidl_typesupport_c: rosidl_typesupport_fastrtps_c;rosidl_typesupport_introspection_c
[0.203s] -- Using all available rosidl_typesupport_cpp: rosidl_typesupport_fastrtps_cpp;rosidl_typesupport_introspection_cpp
[0.273s] -- Found rmw_implementation_cmake: 7.3.1 (/opt/ros/jazzy/share/rmw_implementation_cmake/cmake)
[0.273s] -- Found rmw_fastrtps_cpp: 8.4.1 (/opt/ros/jazzy/share/rmw_fastrtps_cpp/cmake)
[0.339s] -- Using RMW implementation 'rmw_fastrtps_cpp' as default
[0.339s] -- Found ament_lint_auto: 0.17.1 (/opt/ros/jazzy/share/ament_lint_auto/cmake)
[0.407s] Error parsing '/home/bartek/Desktop/ROS2/tutorial_workspace/src/my_first_package/package.xml':
[0.993s] Traceback (most recent call last):
[0.993s]   File "/usr/lib/python3/dist-packages/catkin_pkg/package.py", line 610, in parse_package_string
[0.993s]     root = dom.parseString(data)
[0.993s]            ^^^^^^^^^^^^^^^^^^^^^
[0.993s]   File "/usr/lib/python3.12/xml/dom/minidom.py", line 2000, in parseString
[0.993s]     return expatbuilder.parseString(string)
[0.993s]            ^^^^^^^^^^^^^^^^^^^^^^^^^^^^^^^^
[0.993s]   File "/usr/lib/python3.12/xml/dom/expatbuilder.py", line 922, in parseString
[0.993s]     return builder.parseString(string)
[0.993s]            ^^^^^^^^^^^^^^^^^^^^^^^^^^^
[0.993s]   File "/usr/lib/python3.12/xml/dom/expatbuilder.py", line 220, in parseString
[0.993s]     parser.Parse(string, True)
[0.993s] xml.parsers.expat.ExpatError: mismatched tag: line 20, column 2
[0.993s] 
[0.993s] During handling of the above exception, another exception occurred:
[0.993s] 
[0.993s] Traceback (most recent call last):
[0.993s]   File "/opt/ros/jazzy/share/ament_cmake_core/cmake/core/package_xml_2_cmake.py", line 150, in <module>
[0.993s]     main()
[0.993s]   File "/opt/ros/jazzy/share/ament_cmake_core/cmake/core/package_xml_2_cmake.py", line 53, in main
[0.993s]     raise e
[0.993s]   File "/opt/ros/jazzy/share/ament_cmake_core/cmake/core/package_xml_2_cmake.py", line 49, in main
[0.993s]     package = parse_package_string(
[0.993s]               ^^^^^^^^^^^^^^^^^^^^^
[0.993s]   File "/usr/lib/python3/dist-packages/catkin_pkg/package.py", line 612, in parse_package_string
[0.993s]     raise InvalidPackage('The manifest contains invalid XML:\n%s' % ex, filename)
[0.993s] catkin_pkg.package.InvalidPackage: Error(s) in package '/home/bartek/Desktop/ROS2/tutorial_workspace/src/my_first_package/package.xml':
[0.993s] The manifest contains invalid XML:
[0.993s] mismatched tag: line 20, column 2
[1.022s] [31mCMake Error at /opt/ros/jazzy/share/ament_cmake_core/cmake/core/ament_package_xml.cmake:95 (message):
[1.022s]   execute_process(/usr/bin/python3
[1.022s]   /opt/ros/jazzy/share/ament_cmake_core/cmake/core/package_xml_2_cmake.py
[1.022s]   /home/bartek/Desktop/ROS2/tutorial_workspace/src/my_first_package/package.xml
[1.022s]   /home/bartek/Desktop/ROS2/tutorial_workspace/src/my_first_package/build/my_first_package/ament_cmake_core/package.cmake)
[1.022s]   returned error code 1
[1.022s] Call Stack (most recent call first):
[1.022s]   /opt/ros/jazzy/share/ament_cmake_core/cmake/core/ament_package_xml.cmake:49 (_ament_package_xml)
[1.022s]   /opt/ros/jazzy/share/ament_lint_auto/cmake/ament_lint_auto_find_test_dependencies.cmake:31 (ament_package_xml)
[1.022s]   CMakeLists.txt:39 (ament_lint_auto_find_test_dependencies)
[1.022s] 
[1.022s] [0m
[1.022s] -- Configuring incomplete, errors occurred!
[1.044s] Invoked command in '/home/bartek/Desktop/ROS2/tutorial_workspace/src/my_first_package/build/my_first_package' returned '1': /usr/bin/cmake /home/bartek/Desktop/ROS2/tutorial_workspace/src/my_first_package -DCMAKE_INSTALL_PREFIX=/home/bartek/Desktop/ROS2/tutorial_workspace/src/my_first_package/install/my_first_package
