[0.014s] Invoking command in '/home/bartek/Desktop/ROS2/tutorial_workspace/src/my_first_package/build/my_first_package': /usr/bin/cmake /home/bartek/Desktop/ROS2/tutorial_workspace/src/my_first_package -DCMAKE_INSTALL_PREFIX=/home/bartek/Desktop/ROS2/tutorial_workspace/src/my_first_package/install/my_first_package
[0.034s] -- Found ament_cmake: 2.5.2 (/opt/ros/jazzy/share/ament_cmake/cmake)
[0.182s] -- Found rclcpp: 28.1.5 (/opt/ros/jazzy/share/rclcpp/cmake)
[0.196s] -- Found rosidl_generator_c: 4.6.4 (/opt/ros/jazzy/share/rosidl_generator_c/cmake)
[0.202s] -- Found rosidl_generator_cpp: 4.6.4 (/opt/ros/jazzy/share/rosidl_generator_cpp/cmake)
[0.212s] -- Using all available rosidl_typesupport_c: rosidl_typesupport_fastrtps_c;rosidl_typesupport_introspection_c
[0.221s] -- Using all available rosidl_typesupport_cpp: rosidl_typesupport_fastrtps_cpp;rosidl_typesupport_introspection_cpp
[0.260s] -- Found rmw_implementation_cmake: 7.3.1 (/opt/ros/jazzy/share/rmw_implementation_cmake/cmake)
[0.262s] -- Found rmw_fastrtps_cpp: 8.4.1 (/opt/ros/jazzy/share/rmw_fastrtps_cpp/cmake)
[0.306s] -- Using RMW implementation 'rmw_fastrtps_cpp' as default
[0.343s] [31mCMake Error at CMakeLists.txt:23 (install):
[0.343s]   install TARGETS given target "minimal_node" which does not exist.
[0.343s] 
[0.343s] [0m
[0.346s] -- Found ament_lint_auto: 0.17.1 (/opt/ros/jazzy/share/ament_lint_auto/cmake)
[0.389s] Error parsing '/home/bartek/Desktop/ROS2/tutorial_workspace/src/my_first_package/package.xml':
[2.231s] Traceback (most recent call last):
[2.231s]   File "/usr/lib/python3/dist-packages/catkin_pkg/package.py", line 610, in parse_package_string
[2.231s]     root = dom.parseString(data)
[2.231s]            ^^^^^^^^^^^^^^^^^^^^^
[2.231s]   File "/usr/lib/python3.12/xml/dom/minidom.py", line 2000, in parseString
[2.231s]     return expatbuilder.parseString(string)
[2.231s]            ^^^^^^^^^^^^^^^^^^^^^^^^^^^^^^^^
[2.231s]   File "/usr/lib/python3.12/xml/dom/expatbuilder.py", line 922, in parseString
[2.237s]     return builder.parseString(string)
[2.237s]            ^^^^^^^^^^^^^^^^^^^^^^^^^^^
[2.237s]   File "/usr/lib/python3.12/xml/dom/expatbuilder.py", line 220, in parseString
[2.237s]     parser.Parse(string, True)
[2.237s] xml.parsers.expat.ExpatError: mismatched tag: line 20, column 2
[2.237s] 
[2.237s] During handling of the above exception, another exception occurred:
[2.237s] 
[2.237s] Traceback (most recent call last):
[2.237s]   File "/opt/ros/jazzy/share/ament_cmake_core/cmake/core/package_xml_2_cmake.py", line 150, in <module>
[2.237s]     main()
[2.237s]   File "/opt/ros/jazzy/share/ament_cmake_core/cmake/core/package_xml_2_cmake.py", line 53, in main
[2.237s]     raise e
[2.237s]   File "/opt/ros/jazzy/share/ament_cmake_core/cmake/core/package_xml_2_cmake.py", line 49, in main
[2.237s]     package = parse_package_string(
[2.237s]               ^^^^^^^^^^^^^^^^^^^^^
[2.237s]   File "/usr/lib/python3/dist-packages/catkin_pkg/package.py", line 612, in parse_package_string
[2.237s]     raise InvalidPackage('The manifest contains invalid XML:\n%s' % ex, filename)
[2.237s] catkin_pkg.package.InvalidPackage: Error(s) in package '/home/bartek/Desktop/ROS2/tutorial_workspace/src/my_first_package/package.xml':
[2.237s] The manifest contains invalid XML:
[2.237s] mismatched tag: line 20, column 2
[2.259s] [31mCMake Error at /opt/ros/jazzy/share/ament_cmake_core/cmake/core/ament_package_xml.cmake:95 (message):
[2.259s]   execute_process(/usr/bin/python3
[2.259s]   /opt/ros/jazzy/share/ament_cmake_core/cmake/core/package_xml_2_cmake.py
[2.259s]   /home/bartek/Desktop/ROS2/tutorial_workspace/src/my_first_package/package.xml
[2.259s]   /home/bartek/Desktop/ROS2/tutorial_workspace/src/my_first_package/build/my_first_package/ament_cmake_core/package.cmake)
[2.259s]   returned error code 1
[2.259s] Call Stack (most recent call first):
[2.259s]   /opt/ros/jazzy/share/ament_cmake_core/cmake/core/ament_package_xml.cmake:49 (_ament_package_xml)
[2.259s]   /opt/ros/jazzy/share/ament_lint_auto/cmake/ament_lint_auto_find_test_dependencies.cmake:31 (ament_package_xml)
[2.259s]   CMakeLists.txt:39 (ament_lint_auto_find_test_dependencies)
[2.259s] 
[2.259s] [0m
[2.259s] -- Configuring incomplete, errors occurred!
[2.268s] Invoked command in '/home/bartek/Desktop/ROS2/tutorial_workspace/src/my_first_package/build/my_first_package' returned '1': /usr/bin/cmake /home/bartek/Desktop/ROS2/tutorial_workspace/src/my_first_package -DCMAKE_INSTALL_PREFIX=/home/bartek/Desktop/ROS2/tutorial_workspace/src/my_first_package/install/my_first_package
