[0.000000] (-) TimerEvent: {}
[0.007985] (my_first_package) JobQueued: {'identifier': 'my_first_package', 'dependencies': OrderedDict()}
[0.007985] (my_first_package) JobStarted: {'identifier': 'my_first_package'}
[0.016968] (my_first_package) JobProgress: {'identifier': 'my_first_package', 'progress': 'cmake'}
[0.021958] (my_first_package) Command: {'cmd': ['/usr/bin/cmake', '/home/bartek/Desktop/ROS2/tutorial_workspace/src/my_first_package', '-DCMAKE_INSTALL_PREFIX=/home/bartek/Desktop/ROS2/tutorial_workspace/src/my_first_package/install/my_first_package'], 'cwd': '/home/bartek/Desktop/ROS2/tutorial_workspace/src/my_first_package/build/my_first_package', 'env': OrderedDict({'SUDO_GID': '0', 'LESSOPEN': '| /usr/bin/lesspipe %s', 'MAIL': '/var/mail/bartek', 'USER': 'bartek', 'SHLVL': '1', 'LD_LIBRARY_PATH': '/opt/ros/jazzy/opt/rviz_ogre_vendor/lib:/opt/ros/jazzy/lib/x86_64-linux-gnu:/opt/ros/jazzy/opt/gz_math_vendor/lib:/opt/ros/jazzy/opt/gz_utils_vendor/lib:/opt/ros/jazzy/opt/gz_cmake_vendor/lib:/opt/ros/jazzy/lib', 'HOME': '/home/bartek', 'OLDPWD': '/home/bartek/Desktop/ROS2/tutorial_workspace/src', 'ROS_PYTHON_VERSION': '3', 'COLORTERM': 'truecolor', 'SUDO_UID': '0', 'ROS_DISTRO': 'jazzy', 'LOGNAME': 'bartek', '_': '/usr/bin/colcon', 'ROS_VERSION': '2', 'TERM': 'xterm-256color', 'PATH': '/opt/ros/jazzy/bin:/usr/local/sbin:/usr/local/bin:/usr/sbin:/usr/bin:/sbin:/bin:/usr/games:/usr/local/games:/snap/bin', 'LANG': 'en_US.UTF-8', 'LS_COLORS': 'rs=0:di=01;34:ln=01;36:mh=00:pi=40;33:so=01;35:do=01;35:bd=40;33;01:cd=40;33;01:or=40;31;01:mi=00:su=37;41:sg=30;43:ca=00:tw=30;42:ow=34;42:st=37;44:ex=01;32:*.tar=01;31:*.tgz=01;31:*.arc=01;31:*.arj=01;31:*.taz=01;31:*.lha=01;31:*.lz4=01;31:*.lzh=01;31:*.lzma=01;31:*.tlz=01;31:*.txz=01;31:*.tzo=01;31:*.t7z=01;31:*.zip=01;31:*.z=01;31:*.dz=01;31:*.gz=01;31:*.lrz=01;31:*.lz=01;31:*.lzo=01;31:*.xz=01;31:*.zst=01;31:*.tzst=01;31:*.bz2=01;31:*.bz=01;31:*.tbz=01;31:*.tbz2=01;31:*.tz=01;31:*.deb=01;31:*.rpm=01;31:*.jar=01;31:*.war=01;31:*.ear=01;31:*.sar=01;31:*.rar=01;31:*.alz=01;31:*.ace=01;31:*.zoo=01;31:*.cpio=01;31:*.7z=01;31:*.rz=01;31:*.cab=01;31:*.wim=01;31:*.swm=01;31:*.dwm=01;31:*.esd=01;31:*.avif=01;35:*.jpg=01;35:*.jpeg=01;35:*.mjpg=01;35:*.mjpeg=01;35:*.gif=01;35:*.bmp=01;35:*.pbm=01;35:*.pgm=01;35:*.ppm=01;35:*.tga=01;35:*.xbm=01;35:*.xpm=01;35:*.tif=01;35:*.tiff=01;35:*.png=01;35:*.svg=01;35:*.svgz=01;35:*.mng=01;35:*.pcx=01;35:*.mov=01;35:*.mpg=01;35:*.mpeg=01;35:*.m2v=01;35:*.mkv=01;35:*.webm=01;35:*.webp=01;35:*.ogm=01;35:*.mp4=01;35:*.m4v=01;35:*.mp4v=01;35:*.vob=01;35:*.qt=01;35:*.nuv=01;35:*.wmv=01;35:*.asf=01;35:*.rm=01;35:*.rmvb=01;35:*.flc=01;35:*.avi=01;35:*.fli=01;35:*.flv=01;35:*.gl=01;35:*.dl=01;35:*.xcf=01;35:*.xwd=01;35:*.yuv=01;35:*.cgm=01;35:*.emf=01;35:*.ogv=01;35:*.ogx=01;35:*.aac=00;36:*.au=00;36:*.flac=00;36:*.m4a=00;36:*.mid=00;36:*.midi=00;36:*.mka=00;36:*.mp3=00;36:*.mpc=00;36:*.ogg=00;36:*.ra=00;36:*.wav=00;36:*.oga=00;36:*.opus=00;36:*.spx=00;36:*.xspf=00;36:*~=00;90:*#=00;90:*.bak=00;90:*.crdownload=00;90:*.dpkg-dist=00;90:*.dpkg-new=00;90:*.dpkg-old=00;90:*.dpkg-tmp=00;90:*.old=00;90:*.orig=00;90:*.part=00;90:*.rej=00;90:*.rpmnew=00;90:*.rpmorig=00;90:*.rpmsave=00;90:*.swp=00;90:*.tmp=00;90:*.ucf-dist=00;90:*.ucf-new=00;90:*.ucf-old=00;90:', 'SUDO_COMMAND': '/usr/bin/su bartek', 'AMENT_PREFIX_PATH': '/opt/ros/jazzy', 'SHELL': '/bin/bash', 'SUDO_USER': 'root', 'LESSCLOSE': '/usr/bin/lesspipe %s %s', 'ROS_AUTOMATIC_DISCOVERY_RANGE': 'SUBNET', 'PWD': '/home/bartek/Desktop/ROS2/tutorial_workspace/src/my_first_package/build/my_first_package', 'LC_ALL': 'en_US.UTF-8', 'PYTHONPATH': '/opt/ros/jazzy/lib/python3.12/site-packages', 'COLCON': '1', 'CMAKE_PREFIX_PATH': '/opt/ros/jazzy/opt/gz_math_vendor:/opt/ros/jazzy/opt/gz_utils_vendor:/opt/ros/jazzy/opt/gz_cmake_vendor'}), 'shell': False}
[0.041920] (my_first_package) StdoutLine: {'line': b'-- Found ament_cmake: 2.5.2 (/opt/ros/jazzy/share/ament_cmake/cmake)\n'}
[0.101806] (-) TimerEvent: {}
[0.189638] (my_first_package) StdoutLine: {'line': b'-- Found rclcpp: 28.1.5 (/opt/ros/jazzy/share/rclcpp/cmake)\n'}
[0.203611] (-) TimerEvent: {}
[0.203611] (my_first_package) StdoutLine: {'line': b'-- Found rosidl_generator_c: 4.6.4 (/opt/ros/jazzy/share/rosidl_generator_c/cmake)\n'}
[0.209600] (my_first_package) StdoutLine: {'line': b'-- Found rosidl_generator_cpp: 4.6.4 (/opt/ros/jazzy/share/rosidl_generator_cpp/cmake)\n'}
[0.219581] (my_first_package) StdoutLine: {'line': b'-- Using all available rosidl_typesupport_c: rosidl_typesupport_fastrtps_c;rosidl_typesupport_introspection_c\n'}
[0.228564] (my_first_package) StdoutLine: {'line': b'-- Using all available rosidl_typesupport_cpp: rosidl_typesupport_fastrtps_cpp;rosidl_typesupport_introspection_cpp\n'}
[0.267489] (my_first_package) StdoutLine: {'line': b'-- Found rmw_implementation_cmake: 7.3.1 (/opt/ros/jazzy/share/rmw_implementation_cmake/cmake)\n'}
[0.267489] (my_first_package) StdoutLine: {'line': b'-- Found rmw_fastrtps_cpp: 8.4.1 (/opt/ros/jazzy/share/rmw_fastrtps_cpp/cmake)\n'}
[0.314401] (my_first_package) StdoutLine: {'line': b"-- Using RMW implementation 'rmw_fastrtps_cpp' as default\n"}
[0.314401] (-) TimerEvent: {}
[0.314401] (my_first_package) StderrLine: {'line': b'\x1b[31mCMake Error at CMakeLists.txt:23 (install):\n'}
[0.351332] (my_first_package) StderrLine: {'line': b'  install TARGETS given target "minimal_node" which does not exist.\n'}
[0.351332] (my_first_package) StderrLine: {'line': b'\n'}
[0.351332] (my_first_package) StderrLine: {'line': b'\x1b[0m\n'}
[0.354326] (my_first_package) StdoutLine: {'line': b'-- Found ament_lint_auto: 0.17.1 (/opt/ros/jazzy/share/ament_lint_auto/cmake)\n'}
[0.354326] (my_first_package) StderrLine: {'line': b"Error parsing '/home/bartek/Desktop/ROS2/tutorial_workspace/src/my_first_package/package.xml':\n"}
[0.423196] (-) TimerEvent: {}
[0.628810] (-) TimerEvent: {}
[0.790506] (-) TimerEvent: {}
[0.894310] (-) TimerEvent: {}
[0.997117] (-) TimerEvent: {}
[1.119886] (-) TimerEvent: {}
[1.395372] (-) TimerEvent: {}
[1.505168] (-) TimerEvent: {}
[1.683837] (-) TimerEvent: {}
[1.888458] (-) TimerEvent: {}
[2.014225] (-) TimerEvent: {}
[2.143985] (-) TimerEvent: {}
[2.238809] (my_first_package) StderrLine: {'line': b'Traceback (most recent call last):\n'}
[2.238809] (my_first_package) StderrLine: {'line': b'  File "/usr/lib/python3/dist-packages/catkin_pkg/package.py", line 610, in parse_package_string\n'}
[2.238809] (my_first_package) StderrLine: {'line': b'    root = dom.parseString(data)\n'}
[2.238809] (my_first_package) StderrLine: {'line': b'           ^^^^^^^^^^^^^^^^^^^^^\n'}
[2.238809] (my_first_package) StderrLine: {'line': b'  File "/usr/lib/python3.12/xml/dom/minidom.py", line 2000, in parseString\n'}
[2.238809] (my_first_package) StderrLine: {'line': b'    return expatbuilder.parseString(string)\n'}
[2.238809] (my_first_package) StderrLine: {'line': b'           ^^^^^^^^^^^^^^^^^^^^^^^^^^^^^^^^\n'}
[2.238809] (my_first_package) StderrLine: {'line': b'  File "/usr/lib/python3.12/xml/dom/expatbuilder.py", line 922, in parseString\n'}
[2.238809] (my_first_package) StderrLine: {'line': b'    return builder.parseString(string)\n'}
[2.244798] (-) TimerEvent: {}
[2.244798] (my_first_package) StderrLine: {'line': b'           ^^^^^^^^^^^^^^^^^^^^^^^^^^^\n'}
[2.244798] (my_first_package) StderrLine: {'line': b'  File "/usr/lib/python3.12/xml/dom/expatbuilder.py", line 220, in parseString\n'}
[2.244798] (my_first_package) StderrLine: {'line': b'    parser.Parse(string, True)\n'}
[2.244798] (my_first_package) StderrLine: {'line': b'xml.parsers.expat.ExpatError: mismatched tag: line 20, column 2\n'}
[2.244798] (my_first_package) StderrLine: {'line': b'\n'}
[2.244798] (my_first_package) StderrLine: {'line': b'During handling of the above exception, another exception occurred:\n'}
[2.244798] (my_first_package) StderrLine: {'line': b'\n'}
[2.244798] (my_first_package) StderrLine: {'line': b'Traceback (most recent call last):\n'}
[2.244798] (my_first_package) StderrLine: {'line': b'  File "/opt/ros/jazzy/share/ament_cmake_core/cmake/core/package_xml_2_cmake.py", line 150, in <module>\n'}
[2.244798] (my_first_package) StderrLine: {'line': b'    main()\n'}
[2.244798] (my_first_package) StderrLine: {'line': b'  File "/opt/ros/jazzy/share/ament_cmake_core/cmake/core/package_xml_2_cmake.py", line 53, in main\n'}
[2.244798] (my_first_package) StderrLine: {'line': b'    raise e\n'}
[2.244798] (my_first_package) StderrLine: {'line': b'  File "/opt/ros/jazzy/share/ament_cmake_core/cmake/core/package_xml_2_cmake.py", line 49, in main\n'}
[2.244798] (my_first_package) StderrLine: {'line': b'    package = parse_package_string(\n'}
[2.244798] (my_first_package) StderrLine: {'line': b'              ^^^^^^^^^^^^^^^^^^^^^\n'}
[2.244798] (my_first_package) StderrLine: {'line': b'  File "/usr/lib/python3/dist-packages/catkin_pkg/package.py", line 612, in parse_package_string\n'}
[2.244798] (my_first_package) StderrLine: {'line': b"    raise InvalidPackage('The manifest contains invalid XML:\\n%s' % ex, filename)\n"}
[2.244798] (my_first_package) StderrLine: {'line': b"catkin_pkg.package.InvalidPackage: Error(s) in package '/home/bartek/Desktop/ROS2/tutorial_workspace/src/my_first_package/package.xml':\n"}
[2.244798] (my_first_package) StderrLine: {'line': b'The manifest contains invalid XML:\n'}
[2.244798] (my_first_package) StderrLine: {'line': b'mismatched tag: line 20, column 2\n'}
[2.266758] (my_first_package) StderrLine: {'line': b'\x1b[31mCMake Error at /opt/ros/jazzy/share/ament_cmake_core/cmake/core/ament_package_xml.cmake:95 (message):\n'}
[2.266758] (my_first_package) StderrLine: {'line': b'  execute_process(/usr/bin/python3\n'}
[2.266758] (my_first_package) StderrLine: {'line': b'  /opt/ros/jazzy/share/ament_cmake_core/cmake/core/package_xml_2_cmake.py\n'}
[2.266758] (my_first_package) StderrLine: {'line': b'  /home/bartek/Desktop/ROS2/tutorial_workspace/src/my_first_package/package.xml\n'}
[2.266758] (my_first_package) StderrLine: {'line': b'  /home/bartek/Desktop/ROS2/tutorial_workspace/src/my_first_package/build/my_first_package/ament_cmake_core/package.cmake)\n'}
[2.266758] (my_first_package) StderrLine: {'line': b'  returned error code 1\n'}
[2.266758] (my_first_package) StderrLine: {'line': b'Call Stack (most recent call first):\n'}
[2.266758] (my_first_package) StderrLine: {'line': b'  /opt/ros/jazzy/share/ament_cmake_core/cmake/core/ament_package_xml.cmake:49 (_ament_package_xml)\n'}
[2.266758] (my_first_package) StderrLine: {'line': b'  /opt/ros/jazzy/share/ament_lint_auto/cmake/ament_lint_auto_find_test_dependencies.cmake:31 (ament_package_xml)\n'}
[2.266758] (my_first_package) StderrLine: {'line': b'  CMakeLists.txt:39 (ament_lint_auto_find_test_dependencies)\n'}
[2.266758] (my_first_package) StderrLine: {'line': b'\n'}
[2.266758] (my_first_package) StderrLine: {'line': b'\x1b[0m\n'}
[2.266758] (my_first_package) StdoutLine: {'line': b'-- Configuring incomplete, errors occurred!\n'}
[2.275741] (my_first_package) CommandEnded: {'returncode': 1}
[2.275741] (my_first_package) JobEnded: {'identifier': 'my_first_package', 'rc': 1}
[2.286721] (-) EventReactorShutdown: {}
